// Jest Snapshot v1, https://goo.gl/fbAQLP

exports[`ClipGroup Group renders Clip array 1`] = `
Array [
  <Clip
    component={[Function]}
    delay={0}
    groupData={
      Object {
        "day": 1,
        "description": "Foo",
      }
    }
    key="0"
    length={1000}
    some="prop"
  />,
  <Clip
    component={[Function]}
    delay={0}
    groupData={
      Object {
        "day": 2,
        "description": "bar",
      }
    }
    key="1"
    length={1000}
    some="prop"
  />,
]
`;

exports[`ClipGroup renders nothing 1`] = `""`;
